// Jest Snapshot v1, https://goo.gl/fbAQLP

exports[`<Clock /> when given minutes and seconds (TestRenderer) renders propertly 1`] = `
<h2
  className="Clock "
>
  Pozosta≈Ço 
  25
  :
  50
</h2>
`;
